ffmpeg version 7.1-essentials_build-www.gyan.dev Copyright (c) 2000-2024 the FFmpeg developers
  built with gcc 14.2.0 (Rev1, Built by MSYS2 project)
  configuration: --enable-gpl --enable-version3 --enable-static --disable-w32threads --disable-autodetect --enable-fontconfig --enable-iconv --enable-gnutls --enable-libxml2 --enable-gmp --enable-bzlib --enable-lzma --enable-zlib --enable-libsrt --enable-libssh --enable-libzmq --enable-avisynth --enable-sdl2 --enable-libwebp --enable-libx264 --enable-libx265 --enable-libxvid --enable-libaom --enable-libopenjpeg --enable-libvpx --enable-mediafoundation --enable-libass --enable-libfreetype --enable-libfribidi --enable-libharfbuzz --enable-libvidstab --enable-libvmaf --enable-libzimg --enable-amf --enable-cuda-llvm --enable-cuvid --enable-dxva2 --enable-d3d11va --enable-d3d12va --enable-ffnvcodec --enable-libvpl --enable-nvdec --enable-nvenc --enable-vaapi --enable-libgme --enable-libopenmpt --enable-libopencore-amrwb --enable-libmp3lame --enable-libtheora --enable-libvo-amrwbenc --enable-libgsm --enable-libopencore-amrnb --enable-libopus --enable-libspeex --enable-libvorbis --enable-librubberband
  libavutil      59. 39.100 / 59. 39.100
  libavcodec     61. 19.100 / 61. 19.100
  libavformat    61.  7.100 / 61.  7.100
  libavdevice    61.  3.100 / 61.  3.100
  libavfilter    10.  4.100 / 10.  4.100
  libswscale      8.  3.100 /  8.  3.100
  libswresample   5.  3.100 /  5.  3.100
  libpostproc    58.  3.100 / 58.  3.100
Input #0, concat, from 'artifacts/ai-training/defense-video/defense-frames.txt':
  Duration: N/A, start: 0.000000, bitrate: N/A
  Stream #0:0: Video: mjpeg (Baseline), yuvj420p(pc, bt470bg/unknown/unknown), 856x511 [SAR 144:144 DAR 856:511], 25 fps, 25 tbr, 25 tbn
Stream mapping:
  Stream #0:0 -> #0:0 (mjpeg (native) -> h264 (libx264))
Press [q] to stop, [?] for help
[swscaler @ 000001c2c9bbf600] deprecated pixel format used, make sure you did set range correctly
[libx264 @ 000001c2c7ea5200] using SAR=1/1
[libx264 @ 000001c2c7ea5200] using cpu capabilities: MMX2 SSE2Fast SSSE3 SSE4.2 AVX FMA3 BMI2 AVX2
[libx264 @ 000001c2c7ea5200] profile High, level 3.1, 4:2:0, 8-bit
[libx264 @ 000001c2c7ea5200] 264 - core 164 r3192 c24e06c - H.264/MPEG-4 AVC codec - Copyleft 2003-2024 - http://www.videolan.org/x264.html - options: cabac=1 ref=1 deblock=1:0:0 analyse=0x3:0x113 me=hex subme=2 psy=1 psy_rd=1.00:0.00 mixed_ref=0 me_range=16 chroma_me=1 trellis=0 8x8dct=1 cqm=0 deadzone=21,11 fast_pskip=1 chroma_qp_offset=0 threads=2 lookahead_threads=1 sliced_threads=0 nr=0 decimate=1 interlaced=0 bluray_compat=0 constrained_intra=0 bframes=3 b_pyramid=2 b_adapt=1 b_bias=0 direct=1 weightb=1 open_gop=0 weightp=1 keyint=250 keyint_min=20 scenecut=40 intra_refresh=0 rc_lookahead=10 rc=crf mbtree=1 crf=19.0 qcomp=0.60 qpmin=0 qpmax=69 qpstep=4 ip_ratio=1.40 aq=1:1.00
Output #0, mp4, to 'artifacts/ai-training/defense-video/defense.mp4':
  Metadata:
    encoder         : Lavf61.7.100
  Stream #0:0: Video: h264 (avc1 / 0x31637661), yuv420p(pc, bt470bg/unknown/unknown, progressive), 856x570 [SAR 1:1 DAR 428:285], q=2-31, 20 fps, 10240 tbn
      Metadata:
        encoder         : Lavc61.19.100 libx264
      Side data:
        cpb: bitrate max/min/avg: 0/0/0 buffer size: 0 vbv_delay: N/A
[mp4 @ 000001c2c7ec9680] Starting second pass: moving the moov atom to the beginning of the file
[out#0/mp4 @ 000001c2c7ec9580] video:1461KiB audio:0KiB subtitle:0KiB other streams:0KiB global headers:0KiB muxing overhead: 0.307420%
frame=  309 fps=0.0 q=-1.0 Lsize=    1465KiB time=00:00:15.35 bitrate= 782.1kbits/s dup=265 drop=0 speed=29.5x    
[libx264 @ 000001c2c7ea5200] frame I:2     Avg QP:13.35  size: 92014
[libx264 @ 000001c2c7ea5200] frame P:78    Avg QP:19.65  size: 16612
[libx264 @ 000001c2c7ea5200] frame B:229   Avg QP:23.44  size:    68
[libx264 @ 000001c2c7ea5200] consecutive B-frames:  1.0%  0.6%  0.0% 98.4%
[libx264 @ 000001c2c7ea5200] mb I  I16..4: 45.0%  6.5% 48.6%
[libx264 @ 000001c2c7ea5200] mb P  I16..4:  1.8%  1.7%  3.3%  P16..4:  8.3%  2.4%  3.4%  0.0%  0.0%    skip:79.0%
[libx264 @ 000001c2c7ea5200] mb B  I16..4:  0.0%  0.0%  0.0%  B16..8:  1.6%  0.1%  0.0%  direct: 0.3%  skip:98.0%  L0:46.8% L1:52.9% BI: 0.2%
[libx264 @ 000001c2c7ea5200] 8x8 transform intra:19.9% inter:47.0%
[libx264 @ 000001c2c7ea5200] coded y,uvDC,uvAC intra: 65.3% 63.5% 42.3% inter: 2.4% 2.3% 1.3%
[libx264 @ 000001c2c7ea5200] i16 v,h,dc,p: 61% 36%  2%  0%
[libx264 @ 000001c2c7ea5200] i8 v,h,dc,ddl,ddr,vr,hd,vl,hu: 13% 14% 40%  4%  4%  3% 10%  3%  9%
[libx264 @ 000001c2c7ea5200] i4 v,h,dc,ddl,ddr,vr,hd,vl,hu: 20% 22% 18%  7%  6%  5%  9%  5%  8%
[libx264 @ 000001c2c7ea5200] i8c dc,h,v,p: 42% 34% 19%  4%
[libx264 @ 000001c2c7ea5200] Weighted P-Frames: Y:0.0% UV:0.0%
[libx264 @ 000001c2c7ea5200] kb/s:774.27
